// Jest Snapshot v1, https://goo.gl/fbAQLP

exports[`List of articles render a list of articles component 1`] = `ShallowWrapper {}`;
